// Vitest Snapshot v1

exports[`putPagesIntoFolders organizes pages into proper folders based on dir 1`] = `
{
  "depth": 0,
  "folders": [
    {
      "depth": 1,
      "folders": [
        {
          "depth": 2,
          "folders": [],
          "name": "ui",
          "pages": [
            {
              "ext": "svelte",
              "name": "Button",
              "path": "./0-components/0-ui/0-Button.svelte",
              "url": "/0-components/0-ui/0-Button",
            },
          ],
          "url": "/0-components/0-ui",
        },
      ],
      "name": "components",
      "pages": [
        {
          "ext": "svelte",
          "name": "Button",
          "path": "./0-components/0-Button.svelte",
          "url": "/0-components/0-Button",
        },
        {
          "ext": "svelte",
          "name": "Switch",
          "path": "./0-components/1-Switch.svelte",
          "url": "/0-components/1-Switch",
        },
        {
          "ext": "svelte",
          "name": "play audio section",
          "path": "./0-components/play-audio-section.svelte",
          "url": "/0-components/play-audio-section",
        },
      ],
      "url": "/0-components",
    },
    {
      "depth": 1,
      "folders": [
        {
          "depth": 2,
          "folders": [
            {
              "depth": 3,
              "folders": [],
              "name": "c d",
              "pages": [
                {
                  "ext": "svelte",
                  "name": "e",
                  "path": "./a/b/c-d/e.svelte",
                  "url": "/a/b/c-d/e",
                },
                {
                  "ext": "svelte",
                  "name": "f",
                  "path": "./a/b/c-d/f.svelte",
                  "url": "/a/b/c-d/f",
                },
              ],
              "url": "/a/b/c-d",
            },
          ],
          "name": "b",
          "pages": [],
          "url": "/a/b",
        },
      ],
      "name": "a",
      "pages": [],
      "url": "/a",
    },
  ],
  "name": ".",
  "pages": [
    {
      "ext": "md",
      "name": "index",
      "path": "./index.md",
      "url": "/",
    },
    {
      "ext": "md",
      "name": "privacy policy",
      "path": "./9-privacy-policy.md",
      "url": "/9-privacy-policy",
    },
    {
      "ext": "md",
      "name": "get started",
      "path": "./0-get-started.md",
      "url": "/0-get-started",
    },
  ],
  "url": "/",
}
`;
