// Vitest Snapshot v1

exports[`formatEntriesForCSV basic example to smoke test 1`] = `
[
  {
    "di": "Dialect",
    "glar": "Arabic Gloss",
    "glen": "English Gloss",
    "id": "Entry Id",
    "in": "Interlinearization",
    "lx": "Lexeme/Word/Phrase",
    "mr": "Morphology",
    "nc": "Noun class",
    "nt": "Notes",
    "pfFriendlyName": "Image filename",
    "ph": "Phonetic (IPA)",
    "ps": "Part of Speech",
    "psab": "Part of Speech abbreviation",
    "sd1": "Semantic domain 1",
    "sd2": "Semantic domain 2",
    "sd3": "Semantic domain 3",
    "sfFriendlyName": "Audio filename",
    "sfbp": "Speaker birthplace",
    "sfde": "Speaker decade",
    "sfge": "Speaker gender",
    "sfsn": "Speaker name",
    "sr": "Source(s)",
    "xsar": "Example sentence in Arabic",
    "xsen": "Example sentence in English",
    "xsvn": "Example sentence in test",
  },
  {
    "di": "dialect x",
    "glar": "",
    "glen": "",
    "id": "12ar",
    "in": "",
    "lx": "banana",
    "mr": "",
    "nc": "",
    "nt": "This is an example of a note - here we can write whatever we want.",
    "pfFriendlyName": "12ar_platano.com",
    "pfpa": "https://example.com",
    "ph": "banana",
    "pl": "",
    "ps": "1",
    "psab": "",
    "sd1": "Plant Test Domain",
    "sd2": "",
    "sd3": "",
    "sfFriendlyName": "12ar_platano.com",
    "sfbp": "",
    "sfde": "",
    "sfge": "",
    "sfpa": "https://example.com",
    "sfsn": "",
    "sr": "A book | www.mybook.com",
    "xsar": "",
    "xsen": "This is a banana",
    "xsvn": "",
  },
  {
    "di": "",
    "glar": "",
    "glen": "",
    "id": "34qw",
    "in": "",
    "lx": "tree",
    "mr": "",
    "nc": "",
    "nt": "",
    "pfFriendlyName": "",
    "ph": "",
    "pl": "",
    "ps": "",
    "psab": "",
    "sd1": "",
    "sd2": "",
    "sd3": "",
    "sfFriendlyName": "",
    "sfbp": "",
    "sfde": "",
    "sfge": "",
    "sfsn": "",
    "sr": "",
    "xsar": "",
    "xsen": "",
    "xsvn": "",
  },
]
`;
