// Vitest Snapshot v1, https://vitest.dev/guide/snapshot.html

exports[`prepareEntriesForCsv > everything 1`] = `
{
  "ar_example_sentence": "",
  "ar_gloss_language": "foo",
  "dialects": "dialect x",
  "en_example_sentence": "This is a banana",
  "en_gloss_language": "banana",
  "es_example_sentence": "",
  "es_gloss_language": "",
  "id": "12345qwerty",
  "image_file_path": "https://database.com/image.png",
  "image_filename": "12345qwerty_foo.png",
  "interlinearization": "",
  "lexeme": "xiangjiao",
  "morphology": "",
  "native_script_1": "",
  "native_script_2": "کیلا",
  "notes": "This is an example of a note, here we can write whatever we want.",
  "noun_class": "",
  "parts_of_speech": "noun",
  "parts_of_speech_abbreviation": "n",
  "phonetic": "xiangjiao",
  "plural_form": "",
  "semantic_domain_1": "Body parts",
  "semantic_domain_2": "Body functions",
  "sound_file_path": "https://database.com/sound.mp3",
  "sound_filename": "12345qwerty_foo.mp3",
  "sources": "A book | www.mybook.com",
  "speaker_birthplace": "Whoville",
  "speaker_decade": "41-50",
  "speaker_gender": "male",
  "speaker_name": "John Smith",
  "vernacular_example_sentence": "我很喜歡吃香蕉",
}
`;

exports[`prepareEntriesForCsv > everything 2`] = `
{
  "ar_example_sentence": "",
  "ar_gloss_language": "",
  "dialects": "",
  "en_example_sentence": "",
  "en_gloss_language": "",
  "es_example_sentence": "",
  "es_gloss_language": "árbol",
  "id": "34qw",
  "image_file_path": "",
  "image_filename": "",
  "interlinearization": "",
  "lexeme": "tree",
  "morphology": "",
  "native_script_1": "𑃐𑃥𑃝𑃢 𑃒𑃦𑃗𑃠𑃤",
  "native_script_2": "চুড়া বংজি",
  "notes": "",
  "noun_class": "",
  "parts_of_speech": "",
  "parts_of_speech_abbreviation": "",
  "phonetic": "",
  "plural_form": "",
  "semantic_domain_1": "",
  "semantic_domain_2": "",
  "sound_file_path": "",
  "sound_filename": "",
  "sources": "",
  "speaker_birthplace": "",
  "speaker_decade": "",
  "speaker_gender": "",
  "speaker_name": "",
  "vernacular_example_sentence": "",
}
`;
