// Vitest Snapshot v1, https://vitest.dev/guide/snapshot.html

exports[`prepareEntriesForCsv > everything 1`] = `
{
  "ar_example_sentence": undefined,
  "ar_gloss_language": "foo",
  "dialects": "dialect x",
  "en_example_sentence": "This is a banana",
  "en_gloss_language": "banana",
  "es_example_sentence": undefined,
  "es_gloss_language": undefined,
  "id": "12345qwerty",
  "image_file_path": "https://database.com/image.png",
  "image_filename": "12345qwerty_foo.png",
  "interlinearization": undefined,
  "lexeme": "xiangjiao",
  "local_orthography_1": undefined,
  "local_orthography_2": "کیلا",
  "morphology": undefined,
  "notes": "This is an example of a note, here we can write whatever we want.",
  "noun_class": undefined,
  "parts_of_speech": "noun",
  "parts_of_speech_abbreviation": "n",
  "phonetic": "xiangjiao",
  "plural_form": undefined,
  "semantic_domain_1": "Body parts",
  "semantic_domain_2": "Body functions",
  "sound_file_path": "https://database.com/sound.mp3",
  "sound_filename": "12345qwerty_foo.mp3",
  "sources": "A book | www.mybook.com",
  "speaker_birthplace": "Whoville",
  "speaker_decade": "41-50",
  "speaker_gender": "male",
  "speaker_name": "John Smith",
  "vernacular_example_sentence": "我很喜歡吃香蕉",
}
`;

exports[`prepareEntriesForCsv > everything 2`] = `
{
  "ar_example_sentence": undefined,
  "ar_gloss_language": undefined,
  "dialects": undefined,
  "en_example_sentence": undefined,
  "en_gloss_language": undefined,
  "es_example_sentence": undefined,
  "es_gloss_language": "árbol",
  "id": "34qw",
  "image_file_path": undefined,
  "image_filename": "",
  "interlinearization": undefined,
  "lexeme": "tree",
  "local_orthography_1": "𑃐𑃥𑃝𑃢 𑃒𑃦𑃗𑃠𑃤",
  "local_orthography_2": "চুড়া বংজি",
  "morphology": undefined,
  "notes": "",
  "noun_class": undefined,
  "parts_of_speech": undefined,
  "parts_of_speech_abbreviation": undefined,
  "phonetic": undefined,
  "plural_form": undefined,
  "semantic_domain_1": undefined,
  "semantic_domain_2": undefined,
  "sound_file_path": undefined,
  "sound_filename": "",
  "sources": undefined,
  "speaker_birthplace": undefined,
  "speaker_decade": undefined,
  "speaker_gender": undefined,
  "speaker_name": undefined,
  "vernacular_example_sentence": undefined,
}
`;
